<?xml version="1.0" encoding="UTF-8"?>
<TestRun id="fbef54df-6308-44b4-ade1-29d0f0538453" name="alex@WIDGET 2009-12-05 11:27:42" runUser="widget\alex" xmlns="http://microsoft.com/schemas/VisualStudio/TeamTest/2010">
  <TestSettings name="Default Test Settings" id="68b9cf60-26d3-4002-a44f-c40a2b948c53">
    <Deployment runDeploymentRoot="alex_WIDGET 2009-12-05 11_27_42">
      <DeploymentItem filename="D:\wwwroot\book\Chapter13_MVC\Chapter13.BobsMoviesMVC\Chapter13.BobsMoviesMVC\bin\Chapter13.BobsMoviesMVC.dll" />
    </Deployment>
    <Execution>
      <TestTypeSpecific />
      <AgentRule name="Execution Agents">
      </AgentRule>
    </Execution>
  </TestSettings>
  <Times creation="2009-12-05T11:27:42.4462439+11:00" queuing="2009-12-05T11:27:45.5104191+11:00" start="2009-12-05T11:27:45.6224256+11:00" finish="2009-12-05T11:27:47.0185054+11:00" />
  <ResultSummary outcome="Failed">
    <Counters total="31" executed="31" passed="30" error="0" failed="1" timeout="0" aborted="0" inconclusive="0" passedButRunAborted="0" notRunnable="0" notExecuted="0" disconnected="0" warning="0" completed="0" inProgress="0" pending="0" />
  </ResultSummary>
  <TestDefinitions>
    <UnitTest name="RegisterPostReturnsViewIfEmailNotSpecified" storage="d:\wwwroot\book\chapter13_mvc\chapter13.bobsmoviesmvc\chapter13.bobsmoviesmvc.tests\bin\debug\chapter13.bobsmoviesmvc.tests.dll" id="88ede1a6-61a5-497b-d63d-1d00b6b5864e">
      <Execution id="d65e189d-a562-4fd8-a22e-64a3545b1fae" />
      <TestMethod codeBase="D:/wwwroot/book/Chapter13_MVC/Chapter13.BobsMoviesMVC/Chapter13.BobsMoviesMVC.Tests/bin/Debug/Chapter13.BobsMoviesMVC.Tests.DLL" adapterTypeName="Microsoft.VisualStudio.TestTools.TestTypes.Unit.UnitTestAdapter, Microsoft.VisualStudio.QualityTools.Tips.UnitTest.Adapter, Version=10.0.0.0, Culture=neutral, PublicKeyToken=b03f5f7f11d50a3a" className="Chapter13.BobsMoviesMVC.Tests.Controllers.AccountControllerTest, Chapter13.BobsMoviesMVC.Tests, Version=1.0.0.0, Culture=neutral, PublicKeyToken=null" name="RegisterPostReturnsViewIfEmailNotSpecified" />
    </UnitTest>
    <UnitTest name="ConstructorSetsPropertiesToDefaultValues" storage="d:\wwwroot\book\chapter13_mvc\chapter13.bobsmoviesmvc\chapter13.bobsmoviesmvc.tests\bin\debug\chapter13.bobsmoviesmvc.tests.dll" id="2523d3cc-05e1-f3d9-373f-457274b44287">
      <Execution id="ea881dd7-6808-4237-935c-208e25c29c1e" />
      <TestMethod codeBase="D:/wwwroot/book/Chapter13_MVC/Chapter13.BobsMoviesMVC/Chapter13.BobsMoviesMVC.Tests/bin/Debug/Chapter13.BobsMoviesMVC.Tests.DLL" adapterTypeName="Microsoft.VisualStudio.TestTools.TestTypes.Unit.UnitTestAdapter, Microsoft.VisualStudio.QualityTools.Tips.UnitTest.Adapter, Version=10.0.0.0, Culture=neutral, PublicKeyToken=b03f5f7f11d50a3a" className="Chapter13.BobsMoviesMVC.Tests.Controllers.AccountControllerTest, Chapter13.BobsMoviesMVC.Tests, Version=1.0.0.0, Culture=neutral, PublicKeyToken=null" name="ConstructorSetsPropertiesToDefaultValues" />
    </UnitTest>
    <UnitTest name="ChangePasswordPostReturnsViewIfProviderRejectsPassword" storage="d:\wwwroot\book\chapter13_mvc\chapter13.bobsmoviesmvc\chapter13.bobsmoviesmvc.tests\bin\debug\chapter13.bobsmoviesmvc.tests.dll" id="578c30f9-870a-eb9d-5310-9a5e3f9b7fbf">
      <Execution id="ad6c3615-1ab9-4fa4-bbe5-f3954ec7514b" />
      <TestMethod codeBase="D:/wwwroot/book/Chapter13_MVC/Chapter13.BobsMoviesMVC/Chapter13.BobsMoviesMVC.Tests/bin/Debug/Chapter13.BobsMoviesMVC.Tests.DLL" adapterTypeName="Microsoft.VisualStudio.TestTools.TestTypes.Unit.UnitTestAdapter, Microsoft.VisualStudio.QualityTools.Tips.UnitTest.Adapter, Version=10.0.0.0, Culture=neutral, PublicKeyToken=b03f5f7f11d50a3a" className="Chapter13.BobsMoviesMVC.Tests.Controllers.AccountControllerTest, Chapter13.BobsMoviesMVC.Tests, Version=1.0.0.0, Culture=neutral, PublicKeyToken=null" name="ChangePasswordPostReturnsViewIfProviderRejectsPassword" />
    </UnitTest>
    <UnitTest name="About" storage="d:\wwwroot\book\chapter13_mvc\chapter13.bobsmoviesmvc\chapter13.bobsmoviesmvc.tests\bin\debug\chapter13.bobsmoviesmvc.tests.dll" id="fcab3494-ef6a-2285-a4bf-0634d094c36b">
      <Execution id="cbf30db2-f0b4-41b4-acc9-7a984b9b5eda" />
      <TestMethod codeBase="D:/wwwroot/book/Chapter13_MVC/Chapter13.BobsMoviesMVC/Chapter13.BobsMoviesMVC.Tests/bin/Debug/Chapter13.BobsMoviesMVC.Tests.DLL" adapterTypeName="Microsoft.VisualStudio.TestTools.TestTypes.Unit.UnitTestAdapter, Microsoft.VisualStudio.QualityTools.Tips.UnitTest.Adapter, Version=10.0.0.0, Culture=neutral, PublicKeyToken=b03f5f7f11d50a3a" className="Chapter13.BobsMoviesMVC.Tests.Controllers.HomeControllerTest, Chapter13.BobsMoviesMVC.Tests, Version=1.0.0.0, Culture=neutral, PublicKeyToken=null" name="About" />
    </UnitTest>
    <UnitTest name="RegisterPostReturnsViewIfRegistrationFails" storage="d:\wwwroot\book\chapter13_mvc\chapter13.bobsmoviesmvc\chapter13.bobsmoviesmvc.tests\bin\debug\chapter13.bobsmoviesmvc.tests.dll" id="f994f5c2-dc82-6119-230b-f34957e0eb09">
      <Execution id="3415f426-5206-46e5-bba6-6929ce8d1187" />
      <TestMethod codeBase="D:/wwwroot/book/Chapter13_MVC/Chapter13.BobsMoviesMVC/Chapter13.BobsMoviesMVC.Tests/bin/Debug/Chapter13.BobsMoviesMVC.Tests.DLL" adapterTypeName="Microsoft.VisualStudio.TestTools.TestTypes.Unit.UnitTestAdapter, Microsoft.VisualStudio.QualityTools.Tips.UnitTest.Adapter, Version=10.0.0.0, Culture=neutral, PublicKeyToken=b03f5f7f11d50a3a" className="Chapter13.BobsMoviesMVC.Tests.Controllers.AccountControllerTest, Chapter13.BobsMoviesMVC.Tests, Version=1.0.0.0, Culture=neutral, PublicKeyToken=null" name="RegisterPostReturnsViewIfRegistrationFails" />
    </UnitTest>
    <UnitTest name="ChangePasswordGetReturnsView" storage="d:\wwwroot\book\chapter13_mvc\chapter13.bobsmoviesmvc\chapter13.bobsmoviesmvc.tests\bin\debug\chapter13.bobsmoviesmvc.tests.dll" id="1e107284-be8b-5dab-0dfc-93c297c30d1d">
      <Execution id="f6480a70-2389-447b-8cff-ccec5031bd82" />
      <TestMethod codeBase="D:/wwwroot/book/Chapter13_MVC/Chapter13.BobsMoviesMVC/Chapter13.BobsMoviesMVC.Tests/bin/Debug/Chapter13.BobsMoviesMVC.Tests.DLL" adapterTypeName="Microsoft.VisualStudio.TestTools.TestTypes.Unit.UnitTestAdapter, Microsoft.VisualStudio.QualityTools.Tips.UnitTest.Adapter, Version=10.0.0.0, Culture=neutral, PublicKeyToken=b03f5f7f11d50a3a" className="Chapter13.BobsMoviesMVC.Tests.Controllers.AccountControllerTest, Chapter13.BobsMoviesMVC.Tests, Version=1.0.0.0, Culture=neutral, PublicKeyToken=null" name="ChangePasswordGetReturnsView" />
    </UnitTest>
    <UnitTest name="RegisterGet" storage="d:\wwwroot\book\chapter13_mvc\chapter13.bobsmoviesmvc\chapter13.bobsmoviesmvc.tests\bin\debug\chapter13.bobsmoviesmvc.tests.dll" id="09dc8736-0bac-5591-b73c-fc25a0e606e3">
      <Execution id="04eef4ec-bba2-47d1-8934-975b60ae8a1e" />
      <TestMethod codeBase="D:/wwwroot/book/Chapter13_MVC/Chapter13.BobsMoviesMVC/Chapter13.BobsMoviesMVC.Tests/bin/Debug/Chapter13.BobsMoviesMVC.Tests.DLL" adapterTypeName="Microsoft.VisualStudio.TestTools.TestTypes.Unit.UnitTestAdapter, Microsoft.VisualStudio.QualityTools.Tips.UnitTest.Adapter, Version=10.0.0.0, Culture=neutral, PublicKeyToken=b03f5f7f11d50a3a" className="Chapter13.BobsMoviesMVC.Tests.Controllers.AccountControllerTest, Chapter13.BobsMoviesMVC.Tests, Version=1.0.0.0, Culture=neutral, PublicKeyToken=null" name="RegisterGet" />
    </UnitTest>
    <UnitTest name="RegisterPostReturnsViewIfPasswordIsTooShort" storage="d:\wwwroot\book\chapter13_mvc\chapter13.bobsmoviesmvc\chapter13.bobsmoviesmvc.tests\bin\debug\chapter13.bobsmoviesmvc.tests.dll" id="e872139d-9105-ccea-2f4b-82fe95b3c4da">
      <Execution id="f6e1c3e4-2311-4f3a-9f2d-34a894d57b9d" />
      <TestMethod codeBase="D:/wwwroot/book/Chapter13_MVC/Chapter13.BobsMoviesMVC/Chapter13.BobsMoviesMVC.Tests/bin/Debug/Chapter13.BobsMoviesMVC.Tests.DLL" adapterTypeName="Microsoft.VisualStudio.TestTools.TestTypes.Unit.UnitTestAdapter, Microsoft.VisualStudio.QualityTools.Tips.UnitTest.Adapter, Version=10.0.0.0, Culture=neutral, PublicKeyToken=b03f5f7f11d50a3a" className="Chapter13.BobsMoviesMVC.Tests.Controllers.AccountControllerTest, Chapter13.BobsMoviesMVC.Tests, Version=1.0.0.0, Culture=neutral, PublicKeyToken=null" name="RegisterPostReturnsViewIfPasswordIsTooShort" />
    </UnitTest>
    <UnitTest name="LoginPostRedirectsHomeIfLoginSuccessfulButNoReturnUrlGiven" storage="d:\wwwroot\book\chapter13_mvc\chapter13.bobsmoviesmvc\chapter13.bobsmoviesmvc.tests\bin\debug\chapter13.bobsmoviesmvc.tests.dll" id="1f09f842-7e3c-cbc0-e488-789aa30e461c">
      <Execution id="9964c01f-1620-40f4-97d5-9bafded04231" />
      <TestMethod codeBase="D:/wwwroot/book/Chapter13_MVC/Chapter13.BobsMoviesMVC/Chapter13.BobsMoviesMVC.Tests/bin/Debug/Chapter13.BobsMoviesMVC.Tests.DLL" adapterTypeName="Microsoft.VisualStudio.TestTools.TestTypes.Unit.UnitTestAdapter, Microsoft.VisualStudio.QualityTools.Tips.UnitTest.Adapter, Version=10.0.0.0, Culture=neutral, PublicKeyToken=b03f5f7f11d50a3a" className="Chapter13.BobsMoviesMVC.Tests.Controllers.AccountControllerTest, Chapter13.BobsMoviesMVC.Tests, Version=1.0.0.0, Culture=neutral, PublicKeyToken=null" name="LoginPostRedirectsHomeIfLoginSuccessfulButNoReturnUrlGiven" />
    </UnitTest>
    <UnitTest name="ChangePasswordSuccess" storage="d:\wwwroot\book\chapter13_mvc\chapter13.bobsmoviesmvc\chapter13.bobsmoviesmvc.tests\bin\debug\chapter13.bobsmoviesmvc.tests.dll" id="25efc285-545c-f702-b121-ef0535206bac">
      <Execution id="bf0c37bd-7027-4658-9151-a05f88950770" />
      <TestMethod codeBase="D:/wwwroot/book/Chapter13_MVC/Chapter13.BobsMoviesMVC/Chapter13.BobsMoviesMVC.Tests/bin/Debug/Chapter13.BobsMoviesMVC.Tests.DLL" adapterTypeName="Microsoft.VisualStudio.TestTools.TestTypes.Unit.UnitTestAdapter, Microsoft.VisualStudio.QualityTools.Tips.UnitTest.Adapter, Version=10.0.0.0, Culture=neutral, PublicKeyToken=b03f5f7f11d50a3a" className="Chapter13.BobsMoviesMVC.Tests.Controllers.AccountControllerTest, Chapter13.BobsMoviesMVC.Tests, Version=1.0.0.0, Culture=neutral, PublicKeyToken=null" name="ChangePasswordSuccess" />
    </UnitTest>
    <UnitTest name="ConstructorSetsProperties" storage="d:\wwwroot\book\chapter13_mvc\chapter13.bobsmoviesmvc\chapter13.bobsmoviesmvc.tests\bin\debug\chapter13.bobsmoviesmvc.tests.dll" id="53c31324-d888-2283-ddbe-9985b957a5ce">
      <Execution id="e100563f-d553-46e1-8eea-9c19ea55f370" />
      <TestMethod codeBase="D:/wwwroot/book/Chapter13_MVC/Chapter13.BobsMoviesMVC/Chapter13.BobsMoviesMVC.Tests/bin/Debug/Chapter13.BobsMoviesMVC.Tests.DLL" adapterTypeName="Microsoft.VisualStudio.TestTools.TestTypes.Unit.UnitTestAdapter, Microsoft.VisualStudio.QualityTools.Tips.UnitTest.Adapter, Version=10.0.0.0, Culture=neutral, PublicKeyToken=b03f5f7f11d50a3a" className="Chapter13.BobsMoviesMVC.Tests.Controllers.AccountControllerTest, Chapter13.BobsMoviesMVC.Tests, Version=1.0.0.0, Culture=neutral, PublicKeyToken=null" name="ConstructorSetsProperties" />
    </UnitTest>
    <UnitTest name="ChangePasswordPostRedirectsOnSuccess" storage="d:\wwwroot\book\chapter13_mvc\chapter13.bobsmoviesmvc\chapter13.bobsmoviesmvc.tests\bin\debug\chapter13.bobsmoviesmvc.tests.dll" id="7f0a7ff1-a6db-248f-9876-8792fe79f2a4">
      <Execution id="666825ba-bde7-46b4-aae0-693c955b8ac5" />
      <TestMethod codeBase="D:/wwwroot/book/Chapter13_MVC/Chapter13.BobsMoviesMVC/Chapter13.BobsMoviesMVC.Tests/bin/Debug/Chapter13.BobsMoviesMVC.Tests.DLL" adapterTypeName="Microsoft.VisualStudio.TestTools.TestTypes.Unit.UnitTestAdapter, Microsoft.VisualStudio.QualityTools.Tips.UnitTest.Adapter, Version=10.0.0.0, Culture=neutral, PublicKeyToken=b03f5f7f11d50a3a" className="Chapter13.BobsMoviesMVC.Tests.Controllers.AccountControllerTest, Chapter13.BobsMoviesMVC.Tests, Version=1.0.0.0, Culture=neutral, PublicKeyToken=null" name="ChangePasswordPostRedirectsOnSuccess" />
    </UnitTest>
    <UnitTest name="RegisterPostReturnsViewIfNewPasswordDoesNotMatchConfirmPassword" storage="d:\wwwroot\book\chapter13_mvc\chapter13.bobsmoviesmvc\chapter13.bobsmoviesmvc.tests\bin\debug\chapter13.bobsmoviesmvc.tests.dll" id="255dd0d3-42b4-f48b-5be4-7209026ea242">
      <Execution id="67d38fcc-d3bc-4f14-bb15-503e7654f9d1" />
      <TestMethod codeBase="D:/wwwroot/book/Chapter13_MVC/Chapter13.BobsMoviesMVC/Chapter13.BobsMoviesMVC.Tests/bin/Debug/Chapter13.BobsMoviesMVC.Tests.DLL" adapterTypeName="Microsoft.VisualStudio.TestTools.TestTypes.Unit.UnitTestAdapter, Microsoft.VisualStudio.QualityTools.Tips.UnitTest.Adapter, Version=10.0.0.0, Culture=neutral, PublicKeyToken=b03f5f7f11d50a3a" className="Chapter13.BobsMoviesMVC.Tests.Controllers.AccountControllerTest, Chapter13.BobsMoviesMVC.Tests, Version=1.0.0.0, Culture=neutral, PublicKeyToken=null" name="RegisterPostReturnsViewIfNewPasswordDoesNotMatchConfirmPassword" />
    </UnitTest>
    <UnitTest name="Test_To_Show_What_Failed_Test_Looks_Like" storage="d:\wwwroot\book\chapter13_mvc\chapter13.bobsmoviesmvc\chapter13.bobsmoviesmvc.tests\bin\debug\chapter13.bobsmoviesmvc.tests.dll" id="0ca32802-70fc-7bb6-951f-f0306f75642c">
      <Execution id="de7dfa74-b757-4b6c-94e9-207ae6dd53a9" />
      <TestMethod codeBase="D:/wwwroot/book/Chapter13_MVC/Chapter13.BobsMoviesMVC/Chapter13.BobsMoviesMVC.Tests/bin/Debug/Chapter13.BobsMoviesMVC.Tests.DLL" adapterTypeName="Microsoft.VisualStudio.TestTools.TestTypes.Unit.UnitTestAdapter, Microsoft.VisualStudio.QualityTools.Tips.UnitTest.Adapter, Version=10.0.0.0, Culture=neutral, PublicKeyToken=b03f5f7f11d50a3a" className="BobsMoviesMVC.Tests.Controllers.FilmControllerTest, Chapter13.BobsMoviesMVC.Tests, Version=1.0.0.0, Culture=neutral, PublicKeyToken=null" name="Test_To_Show_What_Failed_Test_Looks_Like" />
    </UnitTest>
    <UnitTest name="LoginPostRedirectsToReturnUrlIfLoginSuccessfulAndReturnUrlGiven" storage="d:\wwwroot\book\chapter13_mvc\chapter13.bobsmoviesmvc\chapter13.bobsmoviesmvc.tests\bin\debug\chapter13.bobsmoviesmvc.tests.dll" id="d2394d50-8b51-46ff-38d3-d65ae3bc5932">
      <Execution id="e9076d69-69f0-4e6c-924e-9ce56dc3a590" />
      <TestMethod codeBase="D:/wwwroot/book/Chapter13_MVC/Chapter13.BobsMoviesMVC/Chapter13.BobsMoviesMVC.Tests/bin/Debug/Chapter13.BobsMoviesMVC.Tests.DLL" adapterTypeName="Microsoft.VisualStudio.TestTools.TestTypes.Unit.UnitTestAdapter, Microsoft.VisualStudio.QualityTools.Tips.UnitTest.Adapter, Version=10.0.0.0, Culture=neutral, PublicKeyToken=b03f5f7f11d50a3a" className="Chapter13.BobsMoviesMVC.Tests.Controllers.AccountControllerTest, Chapter13.BobsMoviesMVC.Tests, Version=1.0.0.0, Culture=neutral, PublicKeyToken=null" name="LoginPostRedirectsToReturnUrlIfLoginSuccessfulAndReturnUrlGiven" />
    </UnitTest>
    <UnitTest name="LoginPostReturnsViewIfUsernameOrPasswordIsIncorrect" storage="d:\wwwroot\book\chapter13_mvc\chapter13.bobsmoviesmvc\chapter13.bobsmoviesmvc.tests\bin\debug\chapter13.bobsmoviesmvc.tests.dll" id="b33f51b0-f0f7-b7f4-9d1c-bd04b0719f89">
      <Execution id="8fc197b4-fcd7-4e5e-ac1b-85acbdf1c9e7" />
      <TestMethod codeBase="D:/wwwroot/book/Chapter13_MVC/Chapter13.BobsMoviesMVC/Chapter13.BobsMoviesMVC.Tests/bin/Debug/Chapter13.BobsMoviesMVC.Tests.DLL" adapterTypeName="Microsoft.VisualStudio.TestTools.TestTypes.Unit.UnitTestAdapter, Microsoft.VisualStudio.QualityTools.Tips.UnitTest.Adapter, Version=10.0.0.0, Culture=neutral, PublicKeyToken=b03f5f7f11d50a3a" className="Chapter13.BobsMoviesMVC.Tests.Controllers.AccountControllerTest, Chapter13.BobsMoviesMVC.Tests, Version=1.0.0.0, Culture=neutral, PublicKeyToken=null" name="LoginPostReturnsViewIfUsernameOrPasswordIsIncorrect" />
    </UnitTest>
    <UnitTest name="LoginPostReturnsViewIfPasswordNotSpecified" storage="d:\wwwroot\book\chapter13_mvc\chapter13.bobsmoviesmvc\chapter13.bobsmoviesmvc.tests\bin\debug\chapter13.bobsmoviesmvc.tests.dll" id="8a24c773-cee0-4670-556d-a2a40c2dab1e">
      <Execution id="7e6baa16-9853-4d5d-a45a-c154c7f5d07d" />
      <TestMethod codeBase="D:/wwwroot/book/Chapter13_MVC/Chapter13.BobsMoviesMVC/Chapter13.BobsMoviesMVC.Tests/bin/Debug/Chapter13.BobsMoviesMVC.Tests.DLL" adapterTypeName="Microsoft.VisualStudio.TestTools.TestTypes.Unit.UnitTestAdapter, Microsoft.VisualStudio.QualityTools.Tips.UnitTest.Adapter, Version=10.0.0.0, Culture=neutral, PublicKeyToken=b03f5f7f11d50a3a" className="Chapter13.BobsMoviesMVC.Tests.Controllers.AccountControllerTest, Chapter13.BobsMoviesMVC.Tests, Version=1.0.0.0, Culture=neutral, PublicKeyToken=null" name="LoginPostReturnsViewIfPasswordNotSpecified" />
    </UnitTest>
    <UnitTest name="Detail_Action_Should_Return_Specific_Film_Matching_ID" storage="d:\wwwroot\book\chapter13_mvc\chapter13.bobsmoviesmvc\chapter13.bobsmoviesmvc.tests\bin\debug\chapter13.bobsmoviesmvc.tests.dll" id="fed94141-8b9a-b879-d3e4-33345004f3d2">
      <Execution id="312053b4-41e1-4ed2-9296-38737c980ed8" />
      <TestMethod codeBase="D:/wwwroot/book/Chapter13_MVC/Chapter13.BobsMoviesMVC/Chapter13.BobsMoviesMVC.Tests/bin/Debug/Chapter13.BobsMoviesMVC.Tests.DLL" adapterTypeName="Microsoft.VisualStudio.TestTools.TestTypes.Unit.UnitTestAdapter, Microsoft.VisualStudio.QualityTools.Tips.UnitTest.Adapter, Version=10.0.0.0, Culture=neutral, PublicKeyToken=b03f5f7f11d50a3a" className="BobsMoviesMVC.Tests.Controllers.FilmControllerTest, Chapter13.BobsMoviesMVC.Tests, Version=1.0.0.0, Culture=neutral, PublicKeyToken=null" name="Detail_Action_Should_Return_Specific_Film_Matching_ID" />
    </UnitTest>
    <UnitTest name="LogOff" storage="d:\wwwroot\book\chapter13_mvc\chapter13.bobsmoviesmvc\chapter13.bobsmoviesmvc.tests\bin\debug\chapter13.bobsmoviesmvc.tests.dll" id="019803fd-7a1f-cd12-9140-e0777b3cdbeb">
      <Execution id="85a824b1-5870-49bb-b6a9-0481b5bf86e9" />
      <TestMethod codeBase="D:/wwwroot/book/Chapter13_MVC/Chapter13.BobsMoviesMVC/Chapter13.BobsMoviesMVC.Tests/bin/Debug/Chapter13.BobsMoviesMVC.Tests.DLL" adapterTypeName="Microsoft.VisualStudio.TestTools.TestTypes.Unit.UnitTestAdapter, Microsoft.VisualStudio.QualityTools.Tips.UnitTest.Adapter, Version=10.0.0.0, Culture=neutral, PublicKeyToken=b03f5f7f11d50a3a" className="Chapter13.BobsMoviesMVC.Tests.Controllers.AccountControllerTest, Chapter13.BobsMoviesMVC.Tests, Version=1.0.0.0, Culture=neutral, PublicKeyToken=null" name="LogOff" />
    </UnitTest>
    <UnitTest name="ChangePasswordPostReturnsViewIfNewPasswordIsNull" storage="d:\wwwroot\book\chapter13_mvc\chapter13.bobsmoviesmvc\chapter13.bobsmoviesmvc.tests\bin\debug\chapter13.bobsmoviesmvc.tests.dll" id="ed7a6607-bfd4-5e8a-d6ed-fa1c50bd2fc3">
      <Execution id="4122cfab-27ae-492f-b185-752d49d00be5" />
      <TestMethod codeBase="D:/wwwroot/book/Chapter13_MVC/Chapter13.BobsMoviesMVC/Chapter13.BobsMoviesMVC.Tests/bin/Debug/Chapter13.BobsMoviesMVC.Tests.DLL" adapterTypeName="Microsoft.VisualStudio.TestTools.TestTypes.Unit.UnitTestAdapter, Microsoft.VisualStudio.QualityTools.Tips.UnitTest.Adapter, Version=10.0.0.0, Culture=neutral, PublicKeyToken=b03f5f7f11d50a3a" className="Chapter13.BobsMoviesMVC.Tests.Controllers.AccountControllerTest, Chapter13.BobsMoviesMVC.Tests, Version=1.0.0.0, Culture=neutral, PublicKeyToken=null" name="ChangePasswordPostReturnsViewIfNewPasswordIsNull" />
    </UnitTest>
    <UnitTest name="Film_Should_NotValidate_With_No_Title" storage="d:\wwwroot\book\chapter13_mvc\chapter13.bobsmoviesmvc\chapter13.bobsmoviesmvc.tests\bin\debug\chapter13.bobsmoviesmvc.tests.dll" id="597d4d12-de86-a739-a4b7-8164875089c6">
      <Execution id="c6de0190-098f-4600-93c0-30ed95a25a70" />
      <TestMethod codeBase="D:/wwwroot/book/Chapter13_MVC/Chapter13.BobsMoviesMVC/Chapter13.BobsMoviesMVC.Tests/bin/Debug/Chapter13.BobsMoviesMVC.Tests.DLL" adapterTypeName="Microsoft.VisualStudio.TestTools.TestTypes.Unit.UnitTestAdapter, Microsoft.VisualStudio.QualityTools.Tips.UnitTest.Adapter, Version=10.0.0.0, Culture=neutral, PublicKeyToken=b03f5f7f11d50a3a" className="BobsMoviesMVC.Tests.Controllers.FilmControllerTest, Chapter13.BobsMoviesMVC.Tests, Version=1.0.0.0, Culture=neutral, PublicKeyToken=null" name="Film_Should_NotValidate_With_No_Title" />
    </UnitTest>
    <UnitTest name="RegisterPostReturnsViewIfUsernameNotSpecified" storage="d:\wwwroot\book\chapter13_mvc\chapter13.bobsmoviesmvc\chapter13.bobsmoviesmvc.tests\bin\debug\chapter13.bobsmoviesmvc.tests.dll" id="12eb6831-f8ad-0b54-fe36-bb5c233d858f">
      <Execution id="b24b0dcc-1506-4d66-8819-aff1bf7b4417" />
      <TestMethod codeBase="D:/wwwroot/book/Chapter13_MVC/Chapter13.BobsMoviesMVC/Chapter13.BobsMoviesMVC.Tests/bin/Debug/Chapter13.BobsMoviesMVC.Tests.DLL" adapterTypeName="Microsoft.VisualStudio.TestTools.TestTypes.Unit.UnitTestAdapter, Microsoft.VisualStudio.QualityTools.Tips.UnitTest.Adapter, Version=10.0.0.0, Culture=neutral, PublicKeyToken=b03f5f7f11d50a3a" className="Chapter13.BobsMoviesMVC.Tests.Controllers.AccountControllerTest, Chapter13.BobsMoviesMVC.Tests, Version=1.0.0.0, Culture=neutral, PublicKeyToken=null" name="RegisterPostReturnsViewIfUsernameNotSpecified" />
    </UnitTest>
    <UnitTest name="RegisterPostReturnsViewIfPasswordIsNull" storage="d:\wwwroot\book\chapter13_mvc\chapter13.bobsmoviesmvc\chapter13.bobsmoviesmvc.tests\bin\debug\chapter13.bobsmoviesmvc.tests.dll" id="c4407d13-0b18-719f-cb8d-559ff390b42a">
      <Execution id="3738607f-175c-41aa-b737-22420bf4790c" />
      <TestMethod codeBase="D:/wwwroot/book/Chapter13_MVC/Chapter13.BobsMoviesMVC/Chapter13.BobsMoviesMVC.Tests/bin/Debug/Chapter13.BobsMoviesMVC.Tests.DLL" adapterTypeName="Microsoft.VisualStudio.TestTools.TestTypes.Unit.UnitTestAdapter, Microsoft.VisualStudio.QualityTools.Tips.UnitTest.Adapter, Version=10.0.0.0, Culture=neutral, PublicKeyToken=b03f5f7f11d50a3a" className="Chapter13.BobsMoviesMVC.Tests.Controllers.AccountControllerTest, Chapter13.BobsMoviesMVC.Tests, Version=1.0.0.0, Culture=neutral, PublicKeyToken=null" name="RegisterPostReturnsViewIfPasswordIsNull" />
    </UnitTest>
    <UnitTest name="ChangePasswordPostReturnsViewIfNewPasswordDoesNotMatchConfirmPassword" storage="d:\wwwroot\book\chapter13_mvc\chapter13.bobsmoviesmvc\chapter13.bobsmoviesmvc.tests\bin\debug\chapter13.bobsmoviesmvc.tests.dll" id="26269041-0691-7a34-81cb-e38baa9ac7b6">
      <Execution id="38f33802-69a3-4e89-9cc2-c421f92d4a60" />
      <TestMethod codeBase="D:/wwwroot/book/Chapter13_MVC/Chapter13.BobsMoviesMVC/Chapter13.BobsMoviesMVC.Tests/bin/Debug/Chapter13.BobsMoviesMVC.Tests.DLL" adapterTypeName="Microsoft.VisualStudio.TestTools.TestTypes.Unit.UnitTestAdapter, Microsoft.VisualStudio.QualityTools.Tips.UnitTest.Adapter, Version=10.0.0.0, Culture=neutral, PublicKeyToken=b03f5f7f11d50a3a" className="Chapter13.BobsMoviesMVC.Tests.Controllers.AccountControllerTest, Chapter13.BobsMoviesMVC.Tests, Version=1.0.0.0, Culture=neutral, PublicKeyToken=null" name="ChangePasswordPostReturnsViewIfNewPasswordDoesNotMatchConfirmPassword" />
    </UnitTest>
    <UnitTest name="LoginGet" storage="d:\wwwroot\book\chapter13_mvc\chapter13.bobsmoviesmvc\chapter13.bobsmoviesmvc.tests\bin\debug\chapter13.bobsmoviesmvc.tests.dll" id="bd79d864-493b-cfa0-0b77-430aca155c5b">
      <Execution id="358f9b79-5101-4bd0-a626-caa32101c786" />
      <TestMethod codeBase="D:/wwwroot/book/Chapter13_MVC/Chapter13.BobsMoviesMVC/Chapter13.BobsMoviesMVC.Tests/bin/Debug/Chapter13.BobsMoviesMVC.Tests.DLL" adapterTypeName="Microsoft.VisualStudio.TestTools.TestTypes.Unit.UnitTestAdapter, Microsoft.VisualStudio.QualityTools.Tips.UnitTest.Adapter, Version=10.0.0.0, Culture=neutral, PublicKeyToken=b03f5f7f11d50a3a" className="Chapter13.BobsMoviesMVC.Tests.Controllers.AccountControllerTest, Chapter13.BobsMoviesMVC.Tests, Version=1.0.0.0, Culture=neutral, PublicKeyToken=null" name="LoginGet" />
    </UnitTest>
    <UnitTest name="RegisterPostRedirectsHomeIfRegistrationSuccessful" storage="d:\wwwroot\book\chapter13_mvc\chapter13.bobsmoviesmvc\chapter13.bobsmoviesmvc.tests\bin\debug\chapter13.bobsmoviesmvc.tests.dll" id="48b302be-b7b7-de3d-e892-4b67ce218e61">
      <Execution id="0c126a8e-be01-4a26-93d1-8cc29b4a7034" />
      <TestMethod codeBase="D:/wwwroot/book/Chapter13_MVC/Chapter13.BobsMoviesMVC/Chapter13.BobsMoviesMVC.Tests/bin/Debug/Chapter13.BobsMoviesMVC.Tests.DLL" adapterTypeName="Microsoft.VisualStudio.TestTools.TestTypes.Unit.UnitTestAdapter, Microsoft.VisualStudio.QualityTools.Tips.UnitTest.Adapter, Version=10.0.0.0, Culture=neutral, PublicKeyToken=b03f5f7f11d50a3a" className="Chapter13.BobsMoviesMVC.Tests.Controllers.AccountControllerTest, Chapter13.BobsMoviesMVC.Tests, Version=1.0.0.0, Culture=neutral, PublicKeyToken=null" name="RegisterPostRedirectsHomeIfRegistrationSuccessful" />
    </UnitTest>
    <UnitTest name="ChangePasswordPostReturnsViewIfCurrentPasswordNotSpecified" storage="d:\wwwroot\book\chapter13_mvc\chapter13.bobsmoviesmvc\chapter13.bobsmoviesmvc.tests\bin\debug\chapter13.bobsmoviesmvc.tests.dll" id="fa942b0a-fcab-8b28-9b70-4e324bd5153c">
      <Execution id="bfc9b087-f869-4866-a4bd-3a4a692fa074" />
      <TestMethod codeBase="D:/wwwroot/book/Chapter13_MVC/Chapter13.BobsMoviesMVC/Chapter13.BobsMoviesMVC.Tests/bin/Debug/Chapter13.BobsMoviesMVC.Tests.DLL" adapterTypeName="Microsoft.VisualStudio.TestTools.TestTypes.Unit.UnitTestAdapter, Microsoft.VisualStudio.QualityTools.Tips.UnitTest.Adapter, Version=10.0.0.0, Culture=neutral, PublicKeyToken=b03f5f7f11d50a3a" className="Chapter13.BobsMoviesMVC.Tests.Controllers.AccountControllerTest, Chapter13.BobsMoviesMVC.Tests, Version=1.0.0.0, Culture=neutral, PublicKeyToken=null" name="ChangePasswordPostReturnsViewIfCurrentPasswordNotSpecified" />
    </UnitTest>
    <UnitTest name="LoginPostReturnsViewIfUsernameNotSpecified" storage="d:\wwwroot\book\chapter13_mvc\chapter13.bobsmoviesmvc\chapter13.bobsmoviesmvc.tests\bin\debug\chapter13.bobsmoviesmvc.tests.dll" id="abcc1369-248e-4037-2b40-3b7528c00d95">
      <Execution id="ad2f8380-1859-4968-820e-7d0c690e7520" />
      <TestMethod codeBase="D:/wwwroot/book/Chapter13_MVC/Chapter13.BobsMoviesMVC/Chapter13.BobsMoviesMVC.Tests/bin/Debug/Chapter13.BobsMoviesMVC.Tests.DLL" adapterTypeName="Microsoft.VisualStudio.TestTools.TestTypes.Unit.UnitTestAdapter, Microsoft.VisualStudio.QualityTools.Tips.UnitTest.Adapter, Version=10.0.0.0, Culture=neutral, PublicKeyToken=b03f5f7f11d50a3a" className="Chapter13.BobsMoviesMVC.Tests.Controllers.AccountControllerTest, Chapter13.BobsMoviesMVC.Tests, Version=1.0.0.0, Culture=neutral, PublicKeyToken=null" name="LoginPostReturnsViewIfUsernameNotSpecified" />
    </UnitTest>
    <UnitTest name="Index" storage="d:\wwwroot\book\chapter13_mvc\chapter13.bobsmoviesmvc\chapter13.bobsmoviesmvc.tests\bin\debug\chapter13.bobsmoviesmvc.tests.dll" id="910b15bb-f9d1-dd2a-b705-a0c160e25781">
      <Execution id="057c616e-0b19-48d2-9c12-85e6626d9cc9" />
      <TestMethod codeBase="D:/wwwroot/book/Chapter13_MVC/Chapter13.BobsMoviesMVC/Chapter13.BobsMoviesMVC.Tests/bin/Debug/Chapter13.BobsMoviesMVC.Tests.DLL" adapterTypeName="Microsoft.VisualStudio.TestTools.TestTypes.Unit.UnitTestAdapter, Microsoft.VisualStudio.QualityTools.Tips.UnitTest.Adapter, Version=10.0.0.0, Culture=neutral, PublicKeyToken=b03f5f7f11d50a3a" className="Chapter13.BobsMoviesMVC.Tests.Controllers.HomeControllerTest, Chapter13.BobsMoviesMVC.Tests, Version=1.0.0.0, Culture=neutral, PublicKeyToken=null" name="Index" />
    </UnitTest>
    <UnitTest name="All_Action_Should_Return_All_View" storage="d:\wwwroot\book\chapter13_mvc\chapter13.bobsmoviesmvc\chapter13.bobsmoviesmvc.tests\bin\debug\chapter13.bobsmoviesmvc.tests.dll" id="15d5611f-6853-ce20-414f-fcf03b46f119">
      <Execution id="2b2fb97b-01a1-49ff-9e8c-e9b7e6787ff9" />
      <TestMethod codeBase="D:/wwwroot/book/Chapter13_MVC/Chapter13.BobsMoviesMVC/Chapter13.BobsMoviesMVC.Tests/bin/Debug/Chapter13.BobsMoviesMVC.Tests.DLL" adapterTypeName="Microsoft.VisualStudio.TestTools.TestTypes.Unit.UnitTestAdapter, Microsoft.VisualStudio.QualityTools.Tips.UnitTest.Adapter, Version=10.0.0.0, Culture=neutral, PublicKeyToken=b03f5f7f11d50a3a" className="BobsMoviesMVC.Tests.Controllers.FilmControllerTest, Chapter13.BobsMoviesMVC.Tests, Version=1.0.0.0, Culture=neutral, PublicKeyToken=null" name="All_Action_Should_Return_All_View" />
    </UnitTest>
    <UnitTest name="ChangePasswordPostReturnsViewIfNewPasswordIsTooShort" storage="d:\wwwroot\book\chapter13_mvc\chapter13.bobsmoviesmvc\chapter13.bobsmoviesmvc.tests\bin\debug\chapter13.bobsmoviesmvc.tests.dll" id="4a757acf-7c21-c914-ca05-bc17ff723cf0">
      <Execution id="390ef808-c5c5-47b0-94c4-d5c0fe2792bc" />
      <TestMethod codeBase="D:/wwwroot/book/Chapter13_MVC/Chapter13.BobsMoviesMVC/Chapter13.BobsMoviesMVC.Tests/bin/Debug/Chapter13.BobsMoviesMVC.Tests.DLL" adapterTypeName="Microsoft.VisualStudio.TestTools.TestTypes.Unit.UnitTestAdapter, Microsoft.VisualStudio.QualityTools.Tips.UnitTest.Adapter, Version=10.0.0.0, Culture=neutral, PublicKeyToken=b03f5f7f11d50a3a" className="Chapter13.BobsMoviesMVC.Tests.Controllers.AccountControllerTest, Chapter13.BobsMoviesMVC.Tests, Version=1.0.0.0, Culture=neutral, PublicKeyToken=null" name="ChangePasswordPostReturnsViewIfNewPasswordIsTooShort" />
    </UnitTest>
  </TestDefinitions>
  <TestLists>
    <TestList name="Results Not in a List" id="8c84fa94-04c1-424b-9868-57a2d4851a1d" />
    <TestList name="All Loaded Results" id="19431567-8539-422a-85d7-44ee4e166bda" />
  </TestLists>
  <TestEntries>
    <TestEntry testId="019803fd-7a1f-cd12-9140-e0777b3cdbeb" executionId="85a824b1-5870-49bb-b6a9-0481b5bf86e9" testListId="8c84fa94-04c1-424b-9868-57a2d4851a1d" />
    <TestEntry testId="09dc8736-0bac-5591-b73c-fc25a0e606e3" executionId="04eef4ec-bba2-47d1-8934-975b60ae8a1e" testListId="8c84fa94-04c1-424b-9868-57a2d4851a1d" />
    <TestEntry testId="0ca32802-70fc-7bb6-951f-f0306f75642c" executionId="de7dfa74-b757-4b6c-94e9-207ae6dd53a9" testListId="8c84fa94-04c1-424b-9868-57a2d4851a1d" />
    <TestEntry testId="12eb6831-f8ad-0b54-fe36-bb5c233d858f" executionId="b24b0dcc-1506-4d66-8819-aff1bf7b4417" testListId="8c84fa94-04c1-424b-9868-57a2d4851a1d" />
    <TestEntry testId="15d5611f-6853-ce20-414f-fcf03b46f119" executionId="2b2fb97b-01a1-49ff-9e8c-e9b7e6787ff9" testListId="8c84fa94-04c1-424b-9868-57a2d4851a1d" />
    <TestEntry testId="1e107284-be8b-5dab-0dfc-93c297c30d1d" executionId="f6480a70-2389-447b-8cff-ccec5031bd82" testListId="8c84fa94-04c1-424b-9868-57a2d4851a1d" />
    <TestEntry testId="1f09f842-7e3c-cbc0-e488-789aa30e461c" executionId="9964c01f-1620-40f4-97d5-9bafded04231" testListId="8c84fa94-04c1-424b-9868-57a2d4851a1d" />
    <TestEntry testId="2523d3cc-05e1-f3d9-373f-457274b44287" executionId="ea881dd7-6808-4237-935c-208e25c29c1e" testListId="8c84fa94-04c1-424b-9868-57a2d4851a1d" />
    <TestEntry testId="255dd0d3-42b4-f48b-5be4-7209026ea242" executionId="67d38fcc-d3bc-4f14-bb15-503e7654f9d1" testListId="8c84fa94-04c1-424b-9868-57a2d4851a1d" />
    <TestEntry testId="25efc285-545c-f702-b121-ef0535206bac" executionId="bf0c37bd-7027-4658-9151-a05f88950770" testListId="8c84fa94-04c1-424b-9868-57a2d4851a1d" />
    <TestEntry testId="26269041-0691-7a34-81cb-e38baa9ac7b6" executionId="38f33802-69a3-4e89-9cc2-c421f92d4a60" testListId="8c84fa94-04c1-424b-9868-57a2d4851a1d" />
    <TestEntry testId="48b302be-b7b7-de3d-e892-4b67ce218e61" executionId="0c126a8e-be01-4a26-93d1-8cc29b4a7034" testListId="8c84fa94-04c1-424b-9868-57a2d4851a1d" />
    <TestEntry testId="4a757acf-7c21-c914-ca05-bc17ff723cf0" executionId="390ef808-c5c5-47b0-94c4-d5c0fe2792bc" testListId="8c84fa94-04c1-424b-9868-57a2d4851a1d" />
    <TestEntry testId="53c31324-d888-2283-ddbe-9985b957a5ce" executionId="e100563f-d553-46e1-8eea-9c19ea55f370" testListId="8c84fa94-04c1-424b-9868-57a2d4851a1d" />
    <TestEntry testId="578c30f9-870a-eb9d-5310-9a5e3f9b7fbf" executionId="ad6c3615-1ab9-4fa4-bbe5-f3954ec7514b" testListId="8c84fa94-04c1-424b-9868-57a2d4851a1d" />
    <TestEntry testId="597d4d12-de86-a739-a4b7-8164875089c6" executionId="c6de0190-098f-4600-93c0-30ed95a25a70" testListId="8c84fa94-04c1-424b-9868-57a2d4851a1d" />
    <TestEntry testId="7f0a7ff1-a6db-248f-9876-8792fe79f2a4" executionId="666825ba-bde7-46b4-aae0-693c955b8ac5" testListId="8c84fa94-04c1-424b-9868-57a2d4851a1d" />
    <TestEntry testId="88ede1a6-61a5-497b-d63d-1d00b6b5864e" executionId="d65e189d-a562-4fd8-a22e-64a3545b1fae" testListId="8c84fa94-04c1-424b-9868-57a2d4851a1d" />
    <TestEntry testId="8a24c773-cee0-4670-556d-a2a40c2dab1e" executionId="7e6baa16-9853-4d5d-a45a-c154c7f5d07d" testListId="8c84fa94-04c1-424b-9868-57a2d4851a1d" />
    <TestEntry testId="910b15bb-f9d1-dd2a-b705-a0c160e25781" executionId="057c616e-0b19-48d2-9c12-85e6626d9cc9" testListId="8c84fa94-04c1-424b-9868-57a2d4851a1d" />
    <TestEntry testId="abcc1369-248e-4037-2b40-3b7528c00d95" executionId="ad2f8380-1859-4968-820e-7d0c690e7520" testListId="8c84fa94-04c1-424b-9868-57a2d4851a1d" />
    <TestEntry testId="b33f51b0-f0f7-b7f4-9d1c-bd04b0719f89" executionId="8fc197b4-fcd7-4e5e-ac1b-85acbdf1c9e7" testListId="8c84fa94-04c1-424b-9868-57a2d4851a1d" />
    <TestEntry testId="bd79d864-493b-cfa0-0b77-430aca155c5b" executionId="358f9b79-5101-4bd0-a626-caa32101c786" testListId="8c84fa94-04c1-424b-9868-57a2d4851a1d" />
    <TestEntry testId="c4407d13-0b18-719f-cb8d-559ff390b42a" executionId="3738607f-175c-41aa-b737-22420bf4790c" testListId="8c84fa94-04c1-424b-9868-57a2d4851a1d" />
    <TestEntry testId="d2394d50-8b51-46ff-38d3-d65ae3bc5932" executionId="e9076d69-69f0-4e6c-924e-9ce56dc3a590" testListId="8c84fa94-04c1-424b-9868-57a2d4851a1d" />
    <TestEntry testId="e872139d-9105-ccea-2f4b-82fe95b3c4da" executionId="f6e1c3e4-2311-4f3a-9f2d-34a894d57b9d" testListId="8c84fa94-04c1-424b-9868-57a2d4851a1d" />
    <TestEntry testId="ed7a6607-bfd4-5e8a-d6ed-fa1c50bd2fc3" executionId="4122cfab-27ae-492f-b185-752d49d00be5" testListId="8c84fa94-04c1-424b-9868-57a2d4851a1d" />
    <TestEntry testId="f994f5c2-dc82-6119-230b-f34957e0eb09" executionId="3415f426-5206-46e5-bba6-6929ce8d1187" testListId="8c84fa94-04c1-424b-9868-57a2d4851a1d" />
    <TestEntry testId="fa942b0a-fcab-8b28-9b70-4e324bd5153c" executionId="bfc9b087-f869-4866-a4bd-3a4a692fa074" testListId="8c84fa94-04c1-424b-9868-57a2d4851a1d" />
    <TestEntry testId="fcab3494-ef6a-2285-a4bf-0634d094c36b" executionId="cbf30db2-f0b4-41b4-acc9-7a984b9b5eda" testListId="8c84fa94-04c1-424b-9868-57a2d4851a1d" />
    <TestEntry testId="fed94141-8b9a-b879-d3e4-33345004f3d2" executionId="312053b4-41e1-4ed2-9296-38737c980ed8" testListId="8c84fa94-04c1-424b-9868-57a2d4851a1d" />
  </TestEntries>
  <Results>
    <UnitTestResult executionId="85a824b1-5870-49bb-b6a9-0481b5bf86e9" testId="019803fd-7a1f-cd12-9140-e0777b3cdbeb" testName="LogOff" computerName="WIDGET" duration="00:00:00.0565685" startTime="2009-12-05T11:27:45.7094305+11:00" endTime="2009-12-05T11:27:46.4524730+11:00" testType="13cdc9d9-ddb5-4fa4-a97d-d965ccfc6d4b" outcome="Passed" testListId="8c84fa94-04c1-424b-9868-57a2d4851a1d" relativeResultsDirectory="85a824b1-5870-49bb-b6a9-0481b5bf86e9">
    </UnitTestResult>
    <UnitTestResult executionId="04eef4ec-bba2-47d1-8934-975b60ae8a1e" testId="09dc8736-0bac-5591-b73c-fc25a0e606e3" testName="RegisterGet" computerName="WIDGET" duration="00:00:00.0052747" startTime="2009-12-05T11:27:46.4664738+11:00" endTime="2009-12-05T11:27:46.4744743+11:00" testType="13cdc9d9-ddb5-4fa4-a97d-d965ccfc6d4b" outcome="Passed" testListId="8c84fa94-04c1-424b-9868-57a2d4851a1d" relativeResultsDirectory="04eef4ec-bba2-47d1-8934-975b60ae8a1e">
    </UnitTestResult>
    <UnitTestResult executionId="de7dfa74-b757-4b6c-94e9-207ae6dd53a9" testId="0ca32802-70fc-7bb6-951f-f0306f75642c" testName="Test_To_Show_What_Failed_Test_Looks_Like" computerName="WIDGET" duration="00:00:00.0091201" startTime="2009-12-05T11:27:46.4774745+11:00" endTime="2009-12-05T11:27:46.4894751+11:00" testType="13cdc9d9-ddb5-4fa4-a97d-d965ccfc6d4b" outcome="Failed" testListId="8c84fa94-04c1-424b-9868-57a2d4851a1d" relativeResultsDirectory="de7dfa74-b757-4b6c-94e9-207ae6dd53a9">
      <Output>
        <ErrorInfo>
          <Message>Assert.IsTrue failed. </Message>
          <StackTrace>   at BobsMoviesMVC.Tests.Controllers.FilmControllerTest.Test_To_Show_What_Failed_Test_Looks_Like() in D:\wwwroot\book\Chapter13_MVC\Chapter13.BobsMoviesMVC\Chapter13.BobsMoviesMVC.Tests\Controllers\FilmControllerTest.cs:line 28
</StackTrace>
        </ErrorInfo>
      </Output>
    </UnitTestResult>
    <UnitTestResult executionId="b24b0dcc-1506-4d66-8819-aff1bf7b4417" testId="12eb6831-f8ad-0b54-fe36-bb5c233d858f" testName="RegisterPostReturnsViewIfUsernameNotSpecified" computerName="WIDGET" duration="00:00:00.0048399" startTime="2009-12-05T11:27:46.4914753+11:00" endTime="2009-12-05T11:27:46.5064761+11:00" testType="13cdc9d9-ddb5-4fa4-a97d-d965ccfc6d4b" outcome="Passed" testListId="8c84fa94-04c1-424b-9868-57a2d4851a1d" relativeResultsDirectory="b24b0dcc-1506-4d66-8819-aff1bf7b4417">
    </UnitTestResult>
    <UnitTestResult executionId="2b2fb97b-01a1-49ff-9e8c-e9b7e6787ff9" testId="15d5611f-6853-ce20-414f-fcf03b46f119" testName="All_Action_Should_Return_All_View" computerName="WIDGET" duration="00:00:00.0055354" startTime="2009-12-05T11:27:46.5084762+11:00" endTime="2009-12-05T11:27:46.5164767+11:00" testType="13cdc9d9-ddb5-4fa4-a97d-d965ccfc6d4b" outcome="Passed" testListId="8c84fa94-04c1-424b-9868-57a2d4851a1d" relativeResultsDirectory="2b2fb97b-01a1-49ff-9e8c-e9b7e6787ff9">
    </UnitTestResult>
    <UnitTestResult executionId="f6480a70-2389-447b-8cff-ccec5031bd82" testId="1e107284-be8b-5dab-0dfc-93c297c30d1d" testName="ChangePasswordGetReturnsView" computerName="WIDGET" duration="00:00:00.0004052" startTime="2009-12-05T11:27:46.5194769+11:00" endTime="2009-12-05T11:27:46.5224770+11:00" testType="13cdc9d9-ddb5-4fa4-a97d-d965ccfc6d4b" outcome="Passed" testListId="8c84fa94-04c1-424b-9868-57a2d4851a1d" relativeResultsDirectory="f6480a70-2389-447b-8cff-ccec5031bd82">
    </UnitTestResult>
    <UnitTestResult executionId="9964c01f-1620-40f4-97d5-9bafded04231" testId="1f09f842-7e3c-cbc0-e488-789aa30e461c" testName="LoginPostRedirectsHomeIfLoginSuccessfulButNoReturnUrlGiven" computerName="WIDGET" duration="00:00:00.0010216" startTime="2009-12-05T11:27:46.5254772+11:00" endTime="2009-12-05T11:27:46.5284774+11:00" testType="13cdc9d9-ddb5-4fa4-a97d-d965ccfc6d4b" outcome="Passed" testListId="8c84fa94-04c1-424b-9868-57a2d4851a1d" relativeResultsDirectory="9964c01f-1620-40f4-97d5-9bafded04231">
    </UnitTestResult>
    <UnitTestResult executionId="ea881dd7-6808-4237-935c-208e25c29c1e" testId="2523d3cc-05e1-f3d9-373f-457274b44287" testName="ConstructorSetsPropertiesToDefaultValues" computerName="WIDGET" duration="00:00:00.0826174" startTime="2009-12-05T11:27:46.5304775+11:00" endTime="2009-12-05T11:27:46.6164824+11:00" testType="13cdc9d9-ddb5-4fa4-a97d-d965ccfc6d4b" outcome="Passed" testListId="8c84fa94-04c1-424b-9868-57a2d4851a1d" relativeResultsDirectory="ea881dd7-6808-4237-935c-208e25c29c1e">
    </UnitTestResult>
    <UnitTestResult executionId="67d38fcc-d3bc-4f14-bb15-503e7654f9d1" testId="255dd0d3-42b4-f48b-5be4-7209026ea242" testName="RegisterPostReturnsViewIfNewPasswordDoesNotMatchConfirmPassword" computerName="WIDGET" duration="00:00:00.0005411" startTime="2009-12-05T11:27:46.6214827+11:00" endTime="2009-12-05T11:27:46.6344834+11:00" testType="13cdc9d9-ddb5-4fa4-a97d-d965ccfc6d4b" outcome="Passed" testListId="8c84fa94-04c1-424b-9868-57a2d4851a1d" relativeResultsDirectory="67d38fcc-d3bc-4f14-bb15-503e7654f9d1">
    </UnitTestResult>
    <UnitTestResult executionId="bf0c37bd-7027-4658-9151-a05f88950770" testId="25efc285-545c-f702-b121-ef0535206bac" testName="ChangePasswordSuccess" computerName="WIDGET" duration="00:00:00.0004159" startTime="2009-12-05T11:27:46.6384837+11:00" endTime="2009-12-05T11:27:46.6454841+11:00" testType="13cdc9d9-ddb5-4fa4-a97d-d965ccfc6d4b" outcome="Passed" testListId="8c84fa94-04c1-424b-9868-57a2d4851a1d" relativeResultsDirectory="bf0c37bd-7027-4658-9151-a05f88950770">
    </UnitTestResult>
    <UnitTestResult executionId="38f33802-69a3-4e89-9cc2-c421f92d4a60" testId="26269041-0691-7a34-81cb-e38baa9ac7b6" testName="ChangePasswordPostReturnsViewIfNewPasswordDoesNotMatchConfirmPassword" computerName="WIDGET" duration="00:00:00.0017878" startTime="2009-12-05T11:27:46.6484842+11:00" endTime="2009-12-05T11:27:46.6564847+11:00" testType="13cdc9d9-ddb5-4fa4-a97d-d965ccfc6d4b" outcome="Passed" testListId="8c84fa94-04c1-424b-9868-57a2d4851a1d" relativeResultsDirectory="38f33802-69a3-4e89-9cc2-c421f92d4a60">
    </UnitTestResult>
    <UnitTestResult executionId="0c126a8e-be01-4a26-93d1-8cc29b4a7034" testId="48b302be-b7b7-de3d-e892-4b67ce218e61" testName="RegisterPostRedirectsHomeIfRegistrationSuccessful" computerName="WIDGET" duration="00:00:00.0007415" startTime="2009-12-05T11:27:46.6594849+11:00" endTime="2009-12-05T11:27:46.6634851+11:00" testType="13cdc9d9-ddb5-4fa4-a97d-d965ccfc6d4b" outcome="Passed" testListId="8c84fa94-04c1-424b-9868-57a2d4851a1d" relativeResultsDirectory="0c126a8e-be01-4a26-93d1-8cc29b4a7034">
    </UnitTestResult>
    <UnitTestResult executionId="390ef808-c5c5-47b0-94c4-d5c0fe2792bc" testId="4a757acf-7c21-c914-ca05-bc17ff723cf0" testName="ChangePasswordPostReturnsViewIfNewPasswordIsTooShort" computerName="WIDGET" duration="00:00:00.0003613" startTime="2009-12-05T11:27:46.6664853+11:00" endTime="2009-12-05T11:27:46.6694854+11:00" testType="13cdc9d9-ddb5-4fa4-a97d-d965ccfc6d4b" outcome="Passed" testListId="8c84fa94-04c1-424b-9868-57a2d4851a1d" relativeResultsDirectory="390ef808-c5c5-47b0-94c4-d5c0fe2792bc">
    </UnitTestResult>
    <UnitTestResult executionId="e100563f-d553-46e1-8eea-9c19ea55f370" testId="53c31324-d888-2283-ddbe-9985b957a5ce" testName="ConstructorSetsProperties" computerName="WIDGET" duration="00:00:00.0003215" startTime="2009-12-05T11:27:46.6724856+11:00" endTime="2009-12-05T11:27:46.6754858+11:00" testType="13cdc9d9-ddb5-4fa4-a97d-d965ccfc6d4b" outcome="Passed" testListId="8c84fa94-04c1-424b-9868-57a2d4851a1d" relativeResultsDirectory="e100563f-d553-46e1-8eea-9c19ea55f370">
    </UnitTestResult>
    <UnitTestResult executionId="ad6c3615-1ab9-4fa4-bbe5-f3954ec7514b" testId="578c30f9-870a-eb9d-5310-9a5e3f9b7fbf" testName="ChangePasswordPostReturnsViewIfProviderRejectsPassword" computerName="WIDGET" duration="00:00:00.0021553" startTime="2009-12-05T11:27:46.6774859+11:00" endTime="2009-12-05T11:27:46.7064876+11:00" testType="13cdc9d9-ddb5-4fa4-a97d-d965ccfc6d4b" outcome="Passed" testListId="8c84fa94-04c1-424b-9868-57a2d4851a1d" relativeResultsDirectory="ad6c3615-1ab9-4fa4-bbe5-f3954ec7514b">
    </UnitTestResult>
    <UnitTestResult executionId="c6de0190-098f-4600-93c0-30ed95a25a70" testId="597d4d12-de86-a739-a4b7-8164875089c6" testName="Film_Should_NotValidate_With_No_Title" computerName="WIDGET" duration="00:00:00.0010528" startTime="2009-12-05T11:27:46.7094877+11:00" endTime="2009-12-05T11:27:46.7134880+11:00" testType="13cdc9d9-ddb5-4fa4-a97d-d965ccfc6d4b" outcome="Passed" testListId="8c84fa94-04c1-424b-9868-57a2d4851a1d" relativeResultsDirectory="c6de0190-098f-4600-93c0-30ed95a25a70">
    </UnitTestResult>
    <UnitTestResult executionId="666825ba-bde7-46b4-aae0-693c955b8ac5" testId="7f0a7ff1-a6db-248f-9876-8792fe79f2a4" testName="ChangePasswordPostRedirectsOnSuccess" computerName="WIDGET" duration="00:00:00.0004278" startTime="2009-12-05T11:27:46.7164881+11:00" endTime="2009-12-05T11:27:46.7204884+11:00" testType="13cdc9d9-ddb5-4fa4-a97d-d965ccfc6d4b" outcome="Passed" testListId="8c84fa94-04c1-424b-9868-57a2d4851a1d" relativeResultsDirectory="666825ba-bde7-46b4-aae0-693c955b8ac5">
    </UnitTestResult>
    <UnitTestResult executionId="d65e189d-a562-4fd8-a22e-64a3545b1fae" testId="88ede1a6-61a5-497b-d63d-1d00b6b5864e" testName="RegisterPostReturnsViewIfEmailNotSpecified" computerName="WIDGET" duration="00:00:00.0003720" startTime="2009-12-05T11:27:46.7224885+11:00" endTime="2009-12-05T11:27:46.7254886+11:00" testType="13cdc9d9-ddb5-4fa4-a97d-d965ccfc6d4b" outcome="Passed" testListId="8c84fa94-04c1-424b-9868-57a2d4851a1d" relativeResultsDirectory="d65e189d-a562-4fd8-a22e-64a3545b1fae">
    </UnitTestResult>
    <UnitTestResult executionId="7e6baa16-9853-4d5d-a45a-c154c7f5d07d" testId="8a24c773-cee0-4670-556d-a2a40c2dab1e" testName="LoginPostReturnsViewIfPasswordNotSpecified" computerName="WIDGET" duration="00:00:00.0037961" startTime="2009-12-05T11:27:46.7274888+11:00" endTime="2009-12-05T11:27:46.7354892+11:00" testType="13cdc9d9-ddb5-4fa4-a97d-d965ccfc6d4b" outcome="Passed" testListId="8c84fa94-04c1-424b-9868-57a2d4851a1d" relativeResultsDirectory="7e6baa16-9853-4d5d-a45a-c154c7f5d07d">
    </UnitTestResult>
    <UnitTestResult executionId="057c616e-0b19-48d2-9c12-85e6626d9cc9" testId="910b15bb-f9d1-dd2a-b705-a0c160e25781" testName="Index" computerName="WIDGET" duration="00:00:00.0022797" startTime="2009-12-05T11:27:46.7484900+11:00" endTime="2009-12-05T11:27:46.7564904+11:00" testType="13cdc9d9-ddb5-4fa4-a97d-d965ccfc6d4b" outcome="Passed" testListId="8c84fa94-04c1-424b-9868-57a2d4851a1d" relativeResultsDirectory="057c616e-0b19-48d2-9c12-85e6626d9cc9">
    </UnitTestResult>
    <UnitTestResult executionId="ad2f8380-1859-4968-820e-7d0c690e7520" testId="abcc1369-248e-4037-2b40-3b7528c00d95" testName="LoginPostReturnsViewIfUsernameNotSpecified" computerName="WIDGET" duration="00:00:00.0003383" startTime="2009-12-05T11:27:46.7594906+11:00" endTime="2009-12-05T11:27:46.7654909+11:00" testType="13cdc9d9-ddb5-4fa4-a97d-d965ccfc6d4b" outcome="Passed" testListId="8c84fa94-04c1-424b-9868-57a2d4851a1d" relativeResultsDirectory="ad2f8380-1859-4968-820e-7d0c690e7520">
    </UnitTestResult>
    <UnitTestResult executionId="8fc197b4-fcd7-4e5e-ac1b-85acbdf1c9e7" testId="b33f51b0-f0f7-b7f4-9d1c-bd04b0719f89" testName="LoginPostReturnsViewIfUsernameOrPasswordIsIncorrect" computerName="WIDGET" duration="00:00:00.0003490" startTime="2009-12-05T11:27:46.7694912+11:00" endTime="2009-12-05T11:27:46.7734914+11:00" testType="13cdc9d9-ddb5-4fa4-a97d-d965ccfc6d4b" outcome="Passed" testListId="8c84fa94-04c1-424b-9868-57a2d4851a1d" relativeResultsDirectory="8fc197b4-fcd7-4e5e-ac1b-85acbdf1c9e7">
    </UnitTestResult>
    <UnitTestResult executionId="358f9b79-5101-4bd0-a626-caa32101c786" testId="bd79d864-493b-cfa0-0b77-430aca155c5b" testName="LoginGet" computerName="WIDGET" duration="00:00:00.0003022" startTime="2009-12-05T11:27:46.7754915+11:00" endTime="2009-12-05T11:27:46.7794917+11:00" testType="13cdc9d9-ddb5-4fa4-a97d-d965ccfc6d4b" outcome="Passed" testListId="8c84fa94-04c1-424b-9868-57a2d4851a1d" relativeResultsDirectory="358f9b79-5101-4bd0-a626-caa32101c786">
    </UnitTestResult>
    <UnitTestResult executionId="3738607f-175c-41aa-b737-22420bf4790c" testId="c4407d13-0b18-719f-cb8d-559ff390b42a" testName="RegisterPostReturnsViewIfPasswordIsNull" computerName="WIDGET" duration="00:00:00.0003728" startTime="2009-12-05T11:27:46.7814918+11:00" endTime="2009-12-05T11:27:46.7844920+11:00" testType="13cdc9d9-ddb5-4fa4-a97d-d965ccfc6d4b" outcome="Passed" testListId="8c84fa94-04c1-424b-9868-57a2d4851a1d" relativeResultsDirectory="3738607f-175c-41aa-b737-22420bf4790c">
    </UnitTestResult>
    <UnitTestResult executionId="e9076d69-69f0-4e6c-924e-9ce56dc3a590" testId="d2394d50-8b51-46ff-38d3-d65ae3bc5932" testName="LoginPostRedirectsToReturnUrlIfLoginSuccessfulAndReturnUrlGiven" computerName="WIDGET" duration="00:00:00.0011644" startTime="2009-12-05T11:27:46.7864921+11:00" endTime="2009-12-05T11:27:46.7924925+11:00" testType="13cdc9d9-ddb5-4fa4-a97d-d965ccfc6d4b" outcome="Passed" testListId="8c84fa94-04c1-424b-9868-57a2d4851a1d" relativeResultsDirectory="e9076d69-69f0-4e6c-924e-9ce56dc3a590">
    </UnitTestResult>
    <UnitTestResult executionId="f6e1c3e4-2311-4f3a-9f2d-34a894d57b9d" testId="e872139d-9105-ccea-2f4b-82fe95b3c4da" testName="RegisterPostReturnsViewIfPasswordIsTooShort" computerName="WIDGET" duration="00:00:00.0003523" startTime="2009-12-05T11:27:46.7954926+11:00" endTime="2009-12-05T11:27:46.7984928+11:00" testType="13cdc9d9-ddb5-4fa4-a97d-d965ccfc6d4b" outcome="Passed" testListId="8c84fa94-04c1-424b-9868-57a2d4851a1d" relativeResultsDirectory="f6e1c3e4-2311-4f3a-9f2d-34a894d57b9d">
    </UnitTestResult>
    <UnitTestResult executionId="4122cfab-27ae-492f-b185-752d49d00be5" testId="ed7a6607-bfd4-5e8a-d6ed-fa1c50bd2fc3" testName="ChangePasswordPostReturnsViewIfNewPasswordIsNull" computerName="WIDGET" duration="00:00:00.0003605" startTime="2009-12-05T11:27:46.7994929+11:00" endTime="2009-12-05T11:27:46.8044932+11:00" testType="13cdc9d9-ddb5-4fa4-a97d-d965ccfc6d4b" outcome="Passed" testListId="8c84fa94-04c1-424b-9868-57a2d4851a1d" relativeResultsDirectory="4122cfab-27ae-492f-b185-752d49d00be5">
    </UnitTestResult>
    <UnitTestResult executionId="3415f426-5206-46e5-bba6-6929ce8d1187" testId="f994f5c2-dc82-6119-230b-f34957e0eb09" testName="RegisterPostReturnsViewIfRegistrationFails" computerName="WIDGET" duration="00:00:00.0005613" startTime="2009-12-05T11:27:46.8064933+11:00" endTime="2009-12-05T11:27:46.8104935+11:00" testType="13cdc9d9-ddb5-4fa4-a97d-d965ccfc6d4b" outcome="Passed" testListId="8c84fa94-04c1-424b-9868-57a2d4851a1d" relativeResultsDirectory="3415f426-5206-46e5-bba6-6929ce8d1187">
    </UnitTestResult>
    <UnitTestResult executionId="bfc9b087-f869-4866-a4bd-3a4a692fa074" testId="fa942b0a-fcab-8b28-9b70-4e324bd5153c" testName="ChangePasswordPostReturnsViewIfCurrentPasswordNotSpecified" computerName="WIDGET" duration="00:00:00.0003826" startTime="2009-12-05T11:27:46.8124936+11:00" endTime="2009-12-05T11:27:46.8154938+11:00" testType="13cdc9d9-ddb5-4fa4-a97d-d965ccfc6d4b" outcome="Passed" testListId="8c84fa94-04c1-424b-9868-57a2d4851a1d" relativeResultsDirectory="bfc9b087-f869-4866-a4bd-3a4a692fa074">
    </UnitTestResult>
    <UnitTestResult executionId="cbf30db2-f0b4-41b4-acc9-7a984b9b5eda" testId="fcab3494-ef6a-2285-a4bf-0634d094c36b" testName="About" computerName="WIDGET" duration="00:00:00.0002788" startTime="2009-12-05T11:27:46.8184940+11:00" endTime="2009-12-05T11:27:46.8224942+11:00" testType="13cdc9d9-ddb5-4fa4-a97d-d965ccfc6d4b" outcome="Passed" testListId="8c84fa94-04c1-424b-9868-57a2d4851a1d" relativeResultsDirectory="cbf30db2-f0b4-41b4-acc9-7a984b9b5eda">
    </UnitTestResult>
    <UnitTestResult executionId="312053b4-41e1-4ed2-9296-38737c980ed8" testId="fed94141-8b9a-b879-d3e4-33345004f3d2" testName="Detail_Action_Should_Return_Specific_Film_Matching_ID" computerName="WIDGET" duration="00:00:00.0013771" startTime="2009-12-05T11:27:46.8244943+11:00" endTime="2009-12-05T11:27:46.8284945+11:00" testType="13cdc9d9-ddb5-4fa4-a97d-d965ccfc6d4b" outcome="Passed" testListId="8c84fa94-04c1-424b-9868-57a2d4851a1d" relativeResultsDirectory="312053b4-41e1-4ed2-9296-38737c980ed8">
    </UnitTestResult>
  </Results>
</TestRun>